<?xml version="1.0" encoding="UTF-8"?>
<TestRun id="667cad7c-99e5-42e9-b1d6-56959c715eed" name="FloLap@FLOLAP-PC 2011-10-21 21:55:30" runUser="FloLap-PC\FloLap" xmlns="http://microsoft.com/schemas/VisualStudio/TeamTest/2010">
  <TestSettings name="Lokal" id="6ed96bb3-d821-4eee-a79d-3a3069da9890">
    <Description>Dies sind die standardmäßigen Testeinstellungen für einen lokalen Testlauf.</Description>
    <Deployment enabled="false" runDeploymentRoot="FloLap_FLOLAP-PC 2011-10-21 21_55_30">
      <DeploymentItem filename="E:\HsKA\Semester2\Projektarbeit\Stundenplangenerator\TimetablePlanner\TimetablePlanner\bin\Debug\TimetablePlanner.dll" />
    </Deployment>
    <Execution>
      <TestTypeSpecific />
      <AgentRule name="Execution Agents">
      </AgentRule>
    </Execution>
  </TestSettings>
  <Times creation="2011-10-21T21:55:30.3207574+02:00" queuing="2011-10-21T21:55:31.3845811+02:00" start="2011-10-21T21:55:31.4781813+02:00" finish="2011-10-21T21:55:42.7394571+02:00" />
  <ResultSummary outcome="Completed">
    <Counters total="1" executed="1" passed="1" error="0" failed="0" timeout="0" aborted="0" inconclusive="0" passedButRunAborted="0" notRunnable="0" notExecuted="0" disconnected="0" warning="0" completed="0" inProgress="0" pending="0" />
  </ResultSummary>
  <TestDefinitions>
    <UnitTest name="TimetableManualTester" storage="e:\hska\semester2\projektarbeit\stundenplangenerator\timetableplanner\timetableplannertests\bin\debug\timetableplannertests.dll" id="3ada0cc6-2a4d-2d63-7d9f-97d4d443b0f3">
      <Execution id="b2be4c55-6a20-4faf-8dbc-488ef9e6c6ac" />
      <TestMethod codeBase="E:/HsKA/Semester2/Projektarbeit/Stundenplangenerator/TimetablePlanner/TimetablePlannerTests/bin/Debug/TimetablePlannerTests.DLL" adapterTypeName="Microsoft.VisualStudio.TestTools.TestTypes.Unit.UnitTestAdapter, Microsoft.VisualStudio.QualityTools.Tips.UnitTest.Adapter, Version=10.0.0.0, Culture=neutral, PublicKeyToken=b03f5f7f11d50a3a" className="TimetablePlannerTests.TimetableTest, TimetablePlannerTests, Version=1.0.0.0, Culture=neutral, PublicKeyToken=null" name="TimetableManualTester" />
    </UnitTest>
  </TestDefinitions>
  <TestLists>
    <TestList name="Nicht in einer Liste enthaltene Ergebnisse" id="8c84fa94-04c1-424b-9868-57a2d4851a1d" />
    <TestList name="Alle geladenen Ergebnisse" id="19431567-8539-422a-85d7-44ee4e166bda" />
  </TestLists>
  <TestEntries>
    <TestEntry testId="3ada0cc6-2a4d-2d63-7d9f-97d4d443b0f3" executionId="b2be4c55-6a20-4faf-8dbc-488ef9e6c6ac" testListId="8c84fa94-04c1-424b-9868-57a2d4851a1d" />
  </TestEntries>
  <Results>
    <UnitTestResult executionId="b2be4c55-6a20-4faf-8dbc-488ef9e6c6ac" testId="3ada0cc6-2a4d-2d63-7d9f-97d4d443b0f3" testName="TimetableManualTester" computerName="FLOLAP-PC" duration="00:00:09.8259338" startTime="2011-10-21T21:55:31.5405814+02:00" endTime="2011-10-21T21:55:42.6302570+02:00" testType="13cdc9d9-ddb5-4fa4-a97d-d965ccfc6d4b" outcome="Passed" testListId="8c84fa94-04c1-424b-9868-57a2d4851a1d" relativeResultsDirectory="b2be4c55-6a20-4faf-8dbc-488ef9e6c6ac">
      <Output>
        <DebugTrace>Time to create population of size 75: 624ms
1280
1270
1130
1100
1050
1000
970
920
900
890
860
860
860
840
840
820
820
820
820
810
800
800
780
780
760
750
720
710
710
700
700
680
680
670
660
620
620
570
570
540
510
480
460
450
450
450
450
410
400
390
380
360
310
290
260
240
210
190
120
110
70
70
0
-100
-160
-170
-180
-230
-280
-450
-630
-640
-800
-850
-900
Early abort after 172 generations.
Mean time per generation: 40ms
Mean fitness increase per generation
386
122
92
89
74
39
48
53
56
49
41
52
53
34
39
41
29
41
33
36
30
38
38
37
28
28
27
23
30
24
19
20
29
23
20
13
14
21
22
15
21
18
17
17
13
17
21
15
20
20
15
18
14
14
18
16
14
11
17
13
19
18
20
19
22
19
14
12
16
16
8
10
9
8
8
9
10
7
4
7
3
5
8
8
6
8
5
6
9
10
8
10
7
7
6
8
7
7
7
6
11
6
11
7
10
6
8
5
6
4
2
4
4
1
5
1
5
6
6
5
5
1
3
4
3
6
6
5
5
2
4
4
6
4
1
5
4
3
4
3
2
2
4
3
3
2
1
3
4
2
2
0
2
1
3
4
5
2
1
2
1
4
3
3
2
4
2
1
1
2
3
1
3
Evolution time: 7127ms
3420
3400
3390
3390
3390
3390
3390
3390
3380
3380
3380
3370
3370
3370
3370
3370
3370
3370
3370
3360
3360
3360
3360
3360
3360
3360
3360
3360
3360
3360
3360
3360
3360
3360
3360
3360
3350
3350
3350
3350
3350
3350
3350
3350
3350
3350
3350
3350
3350
3350
3350
3350
3350
3350
3350
3350
3350
3350
3340
3340
3340
3340
3340
3340
3340
3340
3340
3340
3340
3340
3340
3340
3340
3340
3340

Group 0
Block 0: Informatik 1                           | Technische Informatik 1                | Fremdsprachen                          | Mathematik 1 Labor                     | Technische Informatik 1 Übung          | 
Block 1: Informatik 1 Übung                     | Theoretische Informatik 1              | Fremdsprachen                          | Theoretische Informatik 1              | Mathematik 1                           | 
Block 2: Technische Informatik 1                | Mathematik 1                           | ---------------------------------------| Informatik 1                           | ---------------------------------------| 
Block 3: ---------------------------------------| Mathematik 1 Labor                     | ---------------------------------------| ---------------------------------------| ---------------------------------------| 
Block 4: ---------------------------------------| ---------------------------------------| ---------------------------------------| ---------------------------------------| ---------------------------------------| 
Block 5: ---------------------------------------| ---------------------------------------| ---------------------------------------| ---------------------------------------| ---------------------------------------| 

Group 1
Block 0: Informatik 2 Übung                     | Softwarelabor                          | Informatik 2                           | Informatik 2                           | Digital-Labor                          | 
Block 1: Technische Informatik 2                | Softwarelabor                          | Technische Informatik 2                | Informatik 2 Übung                     | Digital-Labor                          | 
Block 2: Sprachen und Metasprachen              | Mathematik 2                           | ---------------------------------------| Mathematik 2 Labor                     | Digital-Labor                          | 
Block 3: ---------------------------------------| Web-Programming                        | ---------------------------------------| Softwarelabor                          | ---------------------------------------| 
Block 4: ---------------------------------------| ---------------------------------------| ---------------------------------------| Softwarelabor                          | ---------------------------------------| 
Block 5: ---------------------------------------| ---------------------------------------| ---------------------------------------| ---------------------------------------| ---------------------------------------| 

Group 2
Block 0: Datenrepräsentation und -übertragung   | Intelligente Systeme                   | Visualization and Semantics Lab        | Modellierung und Simulation            | ---------------------------------------| 
Block 1: IT Service Management                  | IT Projektmanagement                   | Visualization and Semantics            | Mobile Systeme                         | Verteilte Informationssysteme          | 
Block 2: ---------------------------------------| ---------------------------------------| ---------------------------------------| ---------------------------------------| ---------------------------------------| 
Block 3: ---------------------------------------| ---------------------------------------| Projektarbeit1                         | ---------------------------------------| ---------------------------------------| 
Block 4: ---------------------------------------| ---------------------------------------| Projektarbeit1                         | ---------------------------------------| ---------------------------------------| 
Block 5: ---------------------------------------| ---------------------------------------| Projektarbeit1                         | Führungskräftetraining                 | ---------------------------------------| 

Group 3
Block 0: ---------------------------------------| ---------------------------------------| Algorithmen Übung                      | Labor Verteilte Systeme                | Angewandte Kryptografie                | 
Block 1: ---------------------------------------| Dialog Systems                         | ---------------------------------------| IT-Sicherheit                          | Data Mining                            | 
Block 2: Labor Benutzeroberflächen              | ---------------------------------------| ---------------------------------------| ---------------------------------------| Algorithmenentwurf                     | 
Block 3: ---------------------------------------| ---------------------------------------| ---------------------------------------| ---------------------------------------| ---------------------------------------| 
Block 4: ---------------------------------------| ---------------------------------------| ---------------------------------------| Projektarbeit2                         | ---------------------------------------| 
Block 5: Seminar                                | ---------------------------------------| ---------------------------------------| Projektarbeit2                         | ---------------------------------------| 
</DebugTrace>
      </Output>
    </UnitTestResult>
  </Results>
</TestRun>