<?xml version="1.0" encoding="UTF-8"?>
<TestRun id="baa928a5-11a2-4fe3-a17b-cd89440d10b0" name="FloLap@FLOLAP-PC 2011-10-21 22:00:16" runUser="FloLap-PC\FloLap" xmlns="http://microsoft.com/schemas/VisualStudio/TeamTest/2010">
  <TestSettings name="Lokal" id="6ed96bb3-d821-4eee-a79d-3a3069da9890">
    <Description>Dies sind die standardmäßigen Testeinstellungen für einen lokalen Testlauf.</Description>
    <Deployment enabled="false" runDeploymentRoot="FloLap_FLOLAP-PC 2011-10-21 22_00_16">
      <DeploymentItem filename="E:\HsKA\Semester2\Projektarbeit\Stundenplangenerator\TimetablePlanner\TimetablePlanner\bin\Debug\TimetablePlanner.dll" />
    </Deployment>
    <Execution>
      <TestTypeSpecific />
      <AgentRule name="Execution Agents">
      </AgentRule>
    </Execution>
  </TestSettings>
  <Times creation="2011-10-21T22:00:16.5370521+02:00" queuing="2011-10-21T22:00:17.5208539+02:00" start="2011-10-21T22:00:17.5988540+02:00" finish="2011-10-21T22:00:29.3612747+02:00" />
  <ResultSummary outcome="Completed">
    <Counters total="1" executed="1" passed="1" error="0" failed="0" timeout="0" aborted="0" inconclusive="0" passedButRunAborted="0" notRunnable="0" notExecuted="0" disconnected="0" warning="0" completed="0" inProgress="0" pending="0" />
  </ResultSummary>
  <TestDefinitions>
    <UnitTest name="TimetableManualTester" storage="e:\hska\semester2\projektarbeit\stundenplangenerator\timetableplanner\timetableplannertests\bin\debug\timetableplannertests.dll" id="3ada0cc6-2a4d-2d63-7d9f-97d4d443b0f3">
      <Execution id="cc8f8025-5ed7-4c9b-980c-551a18ccac95" />
      <TestMethod codeBase="E:/HsKA/Semester2/Projektarbeit/Stundenplangenerator/TimetablePlanner/TimetablePlannerTests/bin/Debug/TimetablePlannerTests.DLL" adapterTypeName="Microsoft.VisualStudio.TestTools.TestTypes.Unit.UnitTestAdapter, Microsoft.VisualStudio.QualityTools.Tips.UnitTest.Adapter, Version=10.0.0.0, Culture=neutral, PublicKeyToken=b03f5f7f11d50a3a" className="TimetablePlannerTests.TimetableTest, TimetablePlannerTests, Version=1.0.0.0, Culture=neutral, PublicKeyToken=null" name="TimetableManualTester" />
    </UnitTest>
  </TestDefinitions>
  <TestLists>
    <TestList name="Nicht in einer Liste enthaltene Ergebnisse" id="8c84fa94-04c1-424b-9868-57a2d4851a1d" />
    <TestList name="Alle geladenen Ergebnisse" id="19431567-8539-422a-85d7-44ee4e166bda" />
  </TestLists>
  <TestEntries>
    <TestEntry testId="3ada0cc6-2a4d-2d63-7d9f-97d4d443b0f3" executionId="cc8f8025-5ed7-4c9b-980c-551a18ccac95" testListId="8c84fa94-04c1-424b-9868-57a2d4851a1d" />
  </TestEntries>
  <Results>
    <UnitTestResult executionId="cc8f8025-5ed7-4c9b-980c-551a18ccac95" testId="3ada0cc6-2a4d-2d63-7d9f-97d4d443b0f3" testName="TimetableManualTester" computerName="FLOLAP-PC" duration="00:00:10.4308683" startTime="2011-10-21T22:00:17.6300540+02:00" endTime="2011-10-21T22:00:29.2520745+02:00" testType="13cdc9d9-ddb5-4fa4-a97d-d965ccfc6d4b" outcome="Passed" testListId="8c84fa94-04c1-424b-9868-57a2d4851a1d" relativeResultsDirectory="cc8f8025-5ed7-4c9b-980c-551a18ccac95">
      <Output>
        <DebugTrace>Time to create population of size 75: 608ms
1460
1250
1250
1050
1000
990
900
830
820
770
750
730
730
720
720
710
690
660
650
650
620
590
580
540
520
510
490
470
430
420
410
370
320
310
290
280
240
230
210
190
180
170
170
130
110
100
100
80
80
70
30
20
20
-80
-80
-160
-170
-260
-280
-310
-320
-330
-330
-370
-420
-600
-640
-650
-760
-800
-980
-1240
-1440
-1540
-1720
Early abort after 187 generations.
Mean time per generation: 40ms
Mean fitness increase per generation
507
238
183
150
100
54
36
38
30
38
39
40
26
34
32
34
31
43
41
40
47
46
42
34
26
29
42
31
29
23
25
21
24
19
23
18
17
17
15
19
13
19
20
17
18
23
19
19
17
17
16
10
16
10
16
14
16
15
10
12
12
12
7
9
12
12
16
9
7
9
12
9
14
12
10
7
10
11
11
8
11
7
4
10
5
8
6
6
5
4
5
8
8
7
11
7
7
10
7
5
7
9
7
8
8
7
9
9
5
6
9
3
6
2
3
2
3
4
6
6
5
7
4
3
3
4
6
5
3
4
7
3
2
3
1
3
2
4
2
2
3
0
4
2
1
4
2
1
2
2
3
1
2
5
3
2
2
1
4
3
3
4
3
3
1
2
2
2
0
2
1
0
1
1
2
2
3
4
4
3
3
2
1
2
3
2
3
3
Evolution time: 7690ms
3490
3490
3480
3480
3480
3470
3460
3450
3450
3450
3440
3440
3440
3430
3430
3430
3430
3430
3430
3430
3430
3430
3430
3430
3430
3430
3430
3430
3430
3430
3430
3430
3430
3430
3430
3420
3420
3420
3420
3420
3420
3420
3420
3420
3410
3410
3410
3410
3410
3410
3410
3410
3410
3410
3410
3410
3410
3410
3410
3400
3400
3400
3400
3400
3400
3400
3400
3400
3400
3400
3400
3400
3400
3400
3400

Group 0
Block 0: Informatik 1 Übung                     | Mathematik 1 Labor                     | Fremdsprachen                          | Technische Informatik 1                | Mathematik 1 Labor                     | 
Block 1: Theoretische Informatik 1              | Mathematik 1                           | Fremdsprachen                          | Theoretische Informatik 1              | Technische Informatik 1 Übung          | 
Block 2: Informatik 1                           | Informatik 1                           | ---------------------------------------| Mathematik 1                           | ---------------------------------------| 
Block 3: ---------------------------------------| Technische Informatik 1                | ---------------------------------------| ---------------------------------------| ---------------------------------------| 
Block 4: ---------------------------------------| ---------------------------------------| ---------------------------------------| ---------------------------------------| ---------------------------------------| 
Block 5: ---------------------------------------| ---------------------------------------| ---------------------------------------| ---------------------------------------| ---------------------------------------| 

Group 1
Block 0: Digital-Labor                          | Softwarelabor                          | Informatik 2 Übung                     | Web-Programming                        | Softwarelabor                          | 
Block 1: Digital-Labor                          | Softwarelabor                          | Technische Informatik 2                | Informatik 2                           | Softwarelabor                          | 
Block 2: Digital-Labor                          | Technische Informatik 2                | ---------------------------------------| Informatik 2 Übung                     | Mathematik 2                           | 
Block 3: Informatik 2                           | Mathematik 2 Labor                     | ---------------------------------------| Sprachen und Metasprachen              | ---------------------------------------| 
Block 4: ---------------------------------------| ---------------------------------------| ---------------------------------------| ---------------------------------------| ---------------------------------------| 
Block 5: ---------------------------------------| ---------------------------------------| ---------------------------------------| ---------------------------------------| ---------------------------------------| 

Group 2
Block 0: Modellierung und Simulation            | Verteilte Informationssysteme          | Visualization and Semantics Lab        | IT Projektmanagement                   | Intelligente Systeme                   | 
Block 1: Visualization and Semantics            | ---------------------------------------| Datenrepräsentation und -übertragung   | IT Service Management                  | Mobile Systeme                         | 
Block 2: ---------------------------------------| ---------------------------------------| ---------------------------------------| ---------------------------------------| ---------------------------------------| 
Block 3: ---------------------------------------| ---------------------------------------| ---------------------------------------| ---------------------------------------| Projektarbeit1                         | 
Block 4: ---------------------------------------| ---------------------------------------| ---------------------------------------| ---------------------------------------| Projektarbeit1                         | 
Block 5: ---------------------------------------| ---------------------------------------| ---------------------------------------| Führungskräftetraining                 | Projektarbeit1                         | 

Group 3
Block 0: Angewandte Kryptografie                | ---------------------------------------| Algorithmenentwurf                     | IT-Sicherheit                          | Labor Benutzeroberflächen              | 
Block 1: Algorithmen Übung                      | Dialog Systems                         | ---------------------------------------| Labor Verteilte Systeme                | Data Mining                            | 
Block 2: ---------------------------------------| ---------------------------------------| ---------------------------------------| ---------------------------------------| ---------------------------------------| 
Block 3: ---------------------------------------| ---------------------------------------| ---------------------------------------| ---------------------------------------| ---------------------------------------| 
Block 4: ---------------------------------------| ---------------------------------------| ---------------------------------------| ---------------------------------------| Projektarbeit2                         | 
Block 5: Seminar                                | ---------------------------------------| ---------------------------------------| ---------------------------------------| Projektarbeit2                         | 
</DebugTrace>
      </Output>
    </UnitTestResult>
  </Results>
</TestRun>