<?xml version="1.0" encoding="UTF-8"?>
<TestRun id="9ff0da04-32f3-4571-96a8-348afc289ac1" name="FloLap@FLOLAP-PC 2011-11-09 14:24:12" runUser="FloLap-PC\FloLap" xmlns="http://microsoft.com/schemas/VisualStudio/TeamTest/2010">
  <TestSettings name="Lokal" id="6ed96bb3-d821-4eee-a79d-3a3069da9890">
    <Description>Dies sind die standardmäßigen Testeinstellungen für einen lokalen Testlauf.</Description>
    <Deployment enabled="false" runDeploymentRoot="FloLap_FLOLAP-PC 2011-11-09 14_24_12">
      <DeploymentItem filename="E:\HsKA\Semester2\Projektarbeit\Stundenplangenerator\TimetablePlanner\TimetablePlanner\bin\Debug\TimetablePlanner.dll" />
    </Deployment>
    <Execution>
      <TestTypeSpecific />
      <AgentRule name="Execution Agents">
      </AgentRule>
    </Execution>
  </TestSettings>
  <Times creation="2011-11-09T14:24:12.6708025+01:00" queuing="2011-11-09T14:24:13.8704400+01:00" start="2011-11-09T14:24:14.0954529+01:00" finish="2011-11-09T14:24:52.0523069+01:00" />
  <ResultSummary outcome="Completed">
    <Counters total="1" executed="1" passed="1" error="0" failed="0" timeout="0" aborted="0" inconclusive="0" passedButRunAborted="0" notRunnable="0" notExecuted="0" disconnected="0" warning="0" completed="0" inProgress="0" pending="0" />
  </ResultSummary>
  <TestDefinitions>
    <UnitTest name="TimetableManualTester" storage="e:\hska\semester2\projektarbeit\stundenplangenerator\timetableplanner\timetableplannertests\bin\debug\timetableplannertests.dll" id="3ada0cc6-2a4d-2d63-7d9f-97d4d443b0f3">
      <Execution id="8cc3e68b-54e9-4660-bbb2-f268b0bee871" />
      <TestMethod codeBase="E:/HsKA/Semester2/Projektarbeit/Stundenplangenerator/TimetablePlanner/TimetablePlannerTests/bin/Debug/TimetablePlannerTests.DLL" adapterTypeName="Microsoft.VisualStudio.TestTools.TestTypes.Unit.UnitTestAdapter, Microsoft.VisualStudio.QualityTools.Tips.UnitTest.Adapter, Version=10.0.0.0, Culture=neutral, PublicKeyToken=b03f5f7f11d50a3a" className="TimetablePlannerTests.TimetableTest, TimetablePlannerTests, Version=1.0.0.0, Culture=neutral, PublicKeyToken=null" name="TimetableManualTester" />
    </UnitTest>
  </TestDefinitions>
  <TestLists>
    <TestList name="Nicht in einer Liste enthaltene Ergebnisse" id="8c84fa94-04c1-424b-9868-57a2d4851a1d" />
    <TestList name="Alle geladenen Ergebnisse" id="19431567-8539-422a-85d7-44ee4e166bda" />
  </TestLists>
  <TestEntries>
    <TestEntry testId="3ada0cc6-2a4d-2d63-7d9f-97d4d443b0f3" executionId="8cc3e68b-54e9-4660-bbb2-f268b0bee871" testListId="8c84fa94-04c1-424b-9868-57a2d4851a1d" />
  </TestEntries>
  <Results>
    <UnitTestResult executionId="8cc3e68b-54e9-4660-bbb2-f268b0bee871" testId="3ada0cc6-2a4d-2d63-7d9f-97d4d443b0f3" testName="TimetableManualTester" computerName="FLOLAP-PC" duration="00:00:36.2754352" startTime="2011-11-09T14:24:14.2774633+01:00" endTime="2011-11-09T14:24:51.9431067+01:00" testType="13cdc9d9-ddb5-4fa4-a97d-d965ccfc6d4b" outcome="Passed" testListId="8c84fa94-04c1-424b-9868-57a2d4851a1d" relativeResultsDirectory="8cc3e68b-54e9-4660-bbb2-f268b0bee871">
      <Output>
        <DebugTrace>Individual 3 created.
Individual 0 created.
Individual 4 created.
Individual 5 created.
Individual 6 created.
Individual 2 created.
Individual 8 created.
Individual 1 created.
Individual 7 created.
Individual 10 created.
Individual 13 created.
Individual 12 created.
Individual 9 created.
Individual 14 created.
Individual 15 created.
Individual 17 created.
Individual 16 created.
Individual 18 created.
Individual 19 created.
Individual 20 created.
Individual 22 created.
Individual 21 created.
Individual 23 created.
Individual 24 created.
Individual 11 created.
Generation 0 finished with best fitness of 2580.
Generation 1 finished with best fitness of 2580.
Generation 2 finished with best fitness of 2580.
Generation 3 finished with best fitness of 2580.
Generation 4 finished with best fitness of 2670.
Generation 5 finished with best fitness of 2670.
Generation 6 finished with best fitness of 2690.
Generation 7 finished with best fitness of 2870.
Generation 8 finished with best fitness of 2870.
Generation 9 finished with best fitness of 2890.
Generation 10 finished with best fitness of 2890.
Generation 11 finished with best fitness of 2950.
Generation 12 finished with best fitness of 2990.
Generation 13 finished with best fitness of 3070.
Generation 14 finished with best fitness of 3080.
Generation 15 finished with best fitness of 3080.
Generation 16 finished with best fitness of 3230.
Generation 17 finished with best fitness of 3230.
Generation 18 finished with best fitness of 3230.
Generation 19 finished with best fitness of 3230.
Generation 20 finished with best fitness of 3380.
Generation 21 finished with best fitness of 3460.
Generation 22 finished with best fitness of 3460.
Generation 23 finished with best fitness of 3610.
Generation 24 finished with best fitness of 3660.
Generation 25 finished with best fitness of 3690.
Generation 26 finished with best fitness of 3710.
Generation 27 finished with best fitness of 3750.
Generation 28 finished with best fitness of 3750.
Generation 29 finished with best fitness of 3750.
Generation 30 finished with best fitness of 3780.
Generation 31 finished with best fitness of 3810.
Generation 32 finished with best fitness of 3880.
Generation 33 finished with best fitness of 3880.
Generation 34 finished with best fitness of 3910.
Generation 35 finished with best fitness of 3930.
Generation 36 finished with best fitness of 4070.
Generation 37 finished with best fitness of 4070.
Generation 38 finished with best fitness of 4070.
Generation 39 finished with best fitness of 4090.
Generation 40 finished with best fitness of 4090.
Generation 41 finished with best fitness of 4090.
Generation 42 finished with best fitness of 4120.
Generation 43 finished with best fitness of 4120.
Generation 44 finished with best fitness of 4190.
Generation 45 finished with best fitness of 4220.
Generation 46 finished with best fitness of 4230.
Generation 47 finished with best fitness of 4270.
Generation 48 finished with best fitness of 4270.
Generation 49 finished with best fitness of 4320.
Generation 50 finished with best fitness of 4360.
Generation 51 finished with best fitness of 4420.
Generation 52 finished with best fitness of 4420.
Generation 53 finished with best fitness of 4420.
Generation 54 finished with best fitness of 4440.
Generation 55 finished with best fitness of 4440.
Generation 56 finished with best fitness of 4460.
Generation 57 finished with best fitness of 4520.
Generation 58 finished with best fitness of 4520.
Generation 59 finished with best fitness of 4520.
Generation 60 finished with best fitness of 4520.
Generation 61 finished with best fitness of 4600.
Generation 62 finished with best fitness of 4600.
Generation 63 finished with best fitness of 4600.
Generation 64 finished with best fitness of 4600.
Generation 65 finished with best fitness of 4630.
Generation 66 finished with best fitness of 4780.
Generation 67 finished with best fitness of 4780.
Generation 68 finished with best fitness of 4840.
Generation 69 finished with best fitness of 4840.
Generation 70 finished with best fitness of 4840.
Generation 71 finished with best fitness of 4840.
Generation 72 finished with best fitness of 4870.
Generation 73 finished with best fitness of 4920.
Generation 74 finished with best fitness of 4970.
Generation 75 finished with best fitness of 4970.
Generation 76 finished with best fitness of 4970.
Generation 77 finished with best fitness of 4970.
Generation 78 finished with best fitness of 5040.
Generation 79 finished with best fitness of 5140.
Generation 80 finished with best fitness of 5140.
Generation 81 finished with best fitness of 5140.
Generation 82 finished with best fitness of 5140.
Generation 83 finished with best fitness of 5140.
Generation 84 finished with best fitness of 5140.
Generation 85 finished with best fitness of 5140.
Generation 86 finished with best fitness of 5180.
Generation 87 finished with best fitness of 5180.
Generation 88 finished with best fitness of 5210.
Generation 89 finished with best fitness of 5210.
Generation 90 finished with best fitness of 5260.
Generation 91 finished with best fitness of 5310.
Generation 92 finished with best fitness of 5310.
Generation 93 finished with best fitness of 5310.
Generation 94 finished with best fitness of 5310.
Generation 95 finished with best fitness of 5310.
Generation 96 finished with best fitness of 5370.
Generation 97 finished with best fitness of 5370.
Generation 98 finished with best fitness of 5380.
Generation 99 finished with best fitness of 5400.
Generation 100 finished with best fitness of 5400.
Generation 101 finished with best fitness of 5460.
Generation 102 finished with best fitness of 5460.
Generation 103 finished with best fitness of 5460.
Generation 104 finished with best fitness of 5500.
Generation 105 finished with best fitness of 5520.
Generation 106 finished with best fitness of 5520.
Generation 107 finished with best fitness of 5520.
Generation 108 finished with best fitness of 5580.
Generation 109 finished with best fitness of 5580.
Generation 110 finished with best fitness of 5580.
Generation 111 finished with best fitness of 5640.
Generation 112 finished with best fitness of 5640.
Generation 113 finished with best fitness of 5640.
Generation 114 finished with best fitness of 5770.
Generation 115 finished with best fitness of 5770.
Generation 116 finished with best fitness of 5770.
Generation 117 finished with best fitness of 5770.
Generation 118 finished with best fitness of 5810.
Generation 119 finished with best fitness of 5860.
Generation 120 finished with best fitness of 5920.
Generation 121 finished with best fitness of 5920.
Generation 122 finished with best fitness of 5920.
Generation 123 finished with best fitness of 5970.
Generation 124 finished with best fitness of 5980.
Generation 125 finished with best fitness of 5980.
Generation 126 finished with best fitness of 5980.
Generation 127 finished with best fitness of 6040.
Generation 128 finished with best fitness of 6070.
Generation 129 finished with best fitness of 6070.
Generation 130 finished with best fitness of 6070.
Generation 131 finished with best fitness of 6070.
Generation 132 finished with best fitness of 6070.
Generation 133 finished with best fitness of 6110.
Generation 134 finished with best fitness of 6140.
Generation 135 finished with best fitness of 6140.
Generation 136 finished with best fitness of 6140.
Generation 137 finished with best fitness of 6140.
Generation 138 finished with best fitness of 6140.
Generation 139 finished with best fitness of 6140.
Generation 140 finished with best fitness of 6140.
Generation 141 finished with best fitness of 6140.
Generation 142 finished with best fitness of 6140.
Generation 143 finished with best fitness of 6210.
Generation 144 finished with best fitness of 6210.
Generation 145 finished with best fitness of 6250.
Generation 146 finished with best fitness of 6250.
Generation 147 finished with best fitness of 6370.
Generation 148 finished with best fitness of 6370.
Generation 149 finished with best fitness of 6370.
Generation 150 finished with best fitness of 6370.
Generation 151 finished with best fitness of 6370.
Generation 152 finished with best fitness of 6370.
Generation 153 finished with best fitness of 6370.
Generation 154 finished with best fitness of 6370.
Generation 155 finished with best fitness of 6400.
Generation 156 finished with best fitness of 6400.
Generation 157 finished with best fitness of 6400.
Generation 158 finished with best fitness of 6400.
Generation 159 finished with best fitness of 6520.
Generation 160 finished with best fitness of 6520.
Generation 161 finished with best fitness of 6520.
Generation 162 finished with best fitness of 6520.
Generation 163 finished with best fitness of 6520.
Generation 164 finished with best fitness of 6520.
Generation 165 finished with best fitness of 6520.
Generation 166 finished with best fitness of 6520.
Generation 167 finished with best fitness of 6540.
Generation 168 finished with best fitness of 6540.
Generation 169 finished with best fitness of 6550.
Generation 170 finished with best fitness of 6550.
Generation 171 finished with best fitness of 6570.
Generation 172 finished with best fitness of 6570.
Generation 173 finished with best fitness of 6570.
Generation 174 finished with best fitness of 6570.
Generation 175 finished with best fitness of 6570.
Generation 176 finished with best fitness of 6570.
Generation 177 finished with best fitness of 6620.
Generation 178 finished with best fitness of 6640.
Generation 179 finished with best fitness of 6640.
Generation 180 finished with best fitness of 6640.
Generation 181 finished with best fitness of 6640.
Generation 182 finished with best fitness of 6750.
Generation 183 finished with best fitness of 6790.
Generation 184 finished with best fitness of 6790.
Generation 185 finished with best fitness of 6790.
Generation 186 finished with best fitness of 6790.
Generation 187 finished with best fitness of 6790.
Generation 188 finished with best fitness of 6790.
Generation 189 finished with best fitness of 6790.
Generation 190 finished with best fitness of 6810.
Generation 191 finished with best fitness of 6810.
Generation 192 finished with best fitness of 6810.
Generation 193 finished with best fitness of 6810.
Generation 194 finished with best fitness of 6820.
Generation 195 finished with best fitness of 6820.
Generation 196 finished with best fitness of 6820.
Generation 197 finished with best fitness of 6820.
Generation 198 finished with best fitness of 6950.
Generation 199 finished with best fitness of 6950.
Generation 200 finished with best fitness of 6950.
Generation 201 finished with best fitness of 6950.
Generation 202 finished with best fitness of 6950.
Generation 203 finished with best fitness of 6950.
Generation 204 finished with best fitness of 6950.
Generation 205 finished with best fitness of 6950.
Generation 206 finished with best fitness of 6950.
Generation 207 finished with best fitness of 6950.
Generation 208 finished with best fitness of 6950.
Generation 209 finished with best fitness of 6950.
Generation 210 finished with best fitness of 6950.
Generation 211 finished with best fitness of 6950.
Generation 212 finished with best fitness of 6950.
Generation 213 finished with best fitness of 6960.
Generation 214 finished with best fitness of 7010.
Generation 215 finished with best fitness of 7010.
Generation 216 finished with best fitness of 7010.
Generation 217 finished with best fitness of 7010.
Generation 218 finished with best fitness of 7010.
Generation 219 finished with best fitness of 7010.
Generation 220 finished with best fitness of 7010.
Generation 221 finished with best fitness of 7010.
Generation 222 finished with best fitness of 7010.
Generation 223 finished with best fitness of 7010.
Generation 224 finished with best fitness of 7040.
Generation 225 finished with best fitness of 7040.
Generation 226 finished with best fitness of 7040.
Generation 227 finished with best fitness of 7040.
Generation 228 finished with best fitness of 7040.
Generation 229 finished with best fitness of 7040.
Generation 230 finished with best fitness of 7040.
Generation 231 finished with best fitness of 7040.
Generation 232 finished with best fitness of 7040.
Generation 233 finished with best fitness of 7040.
Generation 234 finished with best fitness of 7040.
Generation 235 finished with best fitness of 7040.
Generation 236 finished with best fitness of 7040.
Generation 237 finished with best fitness of 7040.
Generation 238 finished with best fitness of 7040.
Generation 239 finished with best fitness of 7040.
Evolution finished after 8,8735372 seconds.
</DebugTrace>
      </Output>
    </UnitTestResult>
  </Results>
</TestRun>