<?xml version="1.0" encoding="UTF-8"?>
<TestRun id="05c86061-61b1-467a-8d95-4f2b7af009ac" name="FloLap@FLOLAP-PC 2011-10-21 22:14:04" runUser="FloLap-PC\FloLap" xmlns="http://microsoft.com/schemas/VisualStudio/TeamTest/2010">
  <TestSettings name="Lokal" id="6ed96bb3-d821-4eee-a79d-3a3069da9890">
    <Description>Dies sind die standardmäßigen Testeinstellungen für einen lokalen Testlauf.</Description>
    <Deployment enabled="false" runDeploymentRoot="FloLap_FLOLAP-PC 2011-10-21 22_14_04">
      <DeploymentItem filename="E:\HsKA\Semester2\Projektarbeit\Stundenplangenerator\TimetablePlanner\TimetablePlanner\bin\Debug\TimetablePlanner.dll" />
    </Deployment>
    <Execution>
      <TestTypeSpecific />
      <AgentRule name="Execution Agents">
      </AgentRule>
    </Execution>
  </TestSettings>
  <Times creation="2011-10-21T22:14:04.3775367+02:00" queuing="2011-10-21T22:14:05.4463390+02:00" start="2011-10-21T22:14:05.5867393+02:00" finish="2011-10-21T22:14:23.0119699+02:00" />
  <ResultSummary outcome="Completed">
    <Counters total="1" executed="1" passed="1" error="0" failed="0" timeout="0" aborted="0" inconclusive="0" passedButRunAborted="0" notRunnable="0" notExecuted="0" disconnected="0" warning="0" completed="0" inProgress="0" pending="0" />
  </ResultSummary>
  <TestDefinitions>
    <UnitTest name="TimetableManualTester" storage="e:\hska\semester2\projektarbeit\stundenplangenerator\timetableplanner\timetableplannertests\bin\debug\timetableplannertests.dll" id="3ada0cc6-2a4d-2d63-7d9f-97d4d443b0f3">
      <Execution id="42fb49bd-ca04-4d2a-b6fa-a596ba2c3fdf" />
      <TestMethod codeBase="E:/HsKA/Semester2/Projektarbeit/Stundenplangenerator/TimetablePlanner/TimetablePlannerTests/bin/Debug/TimetablePlannerTests.DLL" adapterTypeName="Microsoft.VisualStudio.TestTools.TestTypes.Unit.UnitTestAdapter, Microsoft.VisualStudio.QualityTools.Tips.UnitTest.Adapter, Version=10.0.0.0, Culture=neutral, PublicKeyToken=b03f5f7f11d50a3a" className="TimetablePlannerTests.TimetableTest, TimetablePlannerTests, Version=1.0.0.0, Culture=neutral, PublicKeyToken=null" name="TimetableManualTester" />
    </UnitTest>
  </TestDefinitions>
  <TestLists>
    <TestList name="Nicht in einer Liste enthaltene Ergebnisse" id="8c84fa94-04c1-424b-9868-57a2d4851a1d" />
    <TestList name="Alle geladenen Ergebnisse" id="19431567-8539-422a-85d7-44ee4e166bda" />
  </TestLists>
  <TestEntries>
    <TestEntry testId="3ada0cc6-2a4d-2d63-7d9f-97d4d443b0f3" executionId="42fb49bd-ca04-4d2a-b6fa-a596ba2c3fdf" testListId="8c84fa94-04c1-424b-9868-57a2d4851a1d" />
  </TestEntries>
  <Results>
    <UnitTestResult executionId="42fb49bd-ca04-4d2a-b6fa-a596ba2c3fdf" testId="3ada0cc6-2a4d-2d63-7d9f-97d4d443b0f3" testName="TimetableManualTester" computerName="FLOLAP-PC" duration="00:00:15.9977056" startTime="2011-10-21T22:14:05.7271395+02:00" endTime="2011-10-21T22:14:22.9183697+02:00" testType="13cdc9d9-ddb5-4fa4-a97d-d965ccfc6d4b" outcome="Passed" testListId="8c84fa94-04c1-424b-9868-57a2d4851a1d" relativeResultsDirectory="42fb49bd-ca04-4d2a-b6fa-a596ba2c3fdf">
      <Output>
        <DebugTrace>Time to create population of size 75: 6567ms
1770
1500
1420
1400
1300
1280
1250
1220
1190
1130
1110
1070
1050
1020
1000
950
950
940
930
920
890
870
850
840
840
840
830
820
820
800
790
770
750
740
740
720
710
710
650
630
630
600
590
560
560
540
520
510
500
460
460
460
460
450
440
350
320
310
300
280
250
140
-90
-120
-190
-210
-310
-340
-360
-400
-510
-560
-690
-820
-1140
Early abort after 176 generations.
Mean time per generation: 40ms
Mean fitness increase per generation
415
185
160
120
125
123
105
67
56
47
44
55
62
53
53
59
50
37
35
46
50
44
42
37
40
42
40
46
36
32
46
35
33
30
23
17
20
14
23
26
21
17
19
23
14
21
20
15
20
22
16
11
17
19
14
16
12
18
13
18
7
12
18
13
18
12
13
10
8
8
13
9
13
13
5
13
10
11
15
15
14
18
12
12
8
10
11
10
8
13
9
12
18
6
10
12
11
6
9
6
9
12
9
6
13
8
3
12
5
9
5
4
3
8
8
3
4
5
7
7
7
4
6
4
4
2
2
4
3
2
4
2
2
5
5
3
4
3
3
5
3
2
6
0
1
5
2
5
3
1
4
5
1
2
4
0
5
2
2
1
2
2
2
4
4
3
5
2
4
4
3
1
3
1
3
3
3
Evolution time: 7238ms
4340
4320
4320
4320
4310
4310
4310
4300
4300
4290
4290
4290
4290
4290
4280
4280
4280
4280
4270
4270
4270
4270
4270
4270
4270
4260
4260
4260
4260
4260
4260
4260
4260
4260
4250
4250
4250
4250
4250
4250
4250
4250
4250
4240
4240
4240
4240
4240
4240
4240
4240
4240
4240
4240
4240
4240
4240
4240
4240
4240
4240
4240
4230
4230
4230
4230
4230
4230
4230
4230
4230
4230
4230
4230
4230

Group 0
Block 0: Mathematik 1 Labor                     | Fremdsprachen                          | Theoretische Informatik 1              | ---------------------------------------| ---------------------------------------| 
Block 1: Theoretische Informatik 1              | Fremdsprachen                          | Technische Informatik 1                | ---------------------------------------| ---------------------------------------| 
Block 2: Mathematik 1                           | Technische Informatik 1                | ---------------------------------------| ---------------------------------------| ---------------------------------------| 
Block 3: Informatik 1 Übung                     | Mathematik 1 Labor                     | Technische Informatik 1 Übung          | ---------------------------------------| ---------------------------------------| 
Block 4: Informatik 1                           | Informatik 1                           | Mathematik 1                           | ---------------------------------------| ---------------------------------------| 
Block 5: ---------------------------------------| ---------------------------------------| ---------------------------------------| ---------------------------------------| ---------------------------------------| 

Group 1
Block 0: Softwarelabor                          | Technische Informatik 2                | ---------------------------------------| Softwarelabor                          | Informatik 2                           | 
Block 1: Softwarelabor                          | Mathematik 2 Labor                     | ---------------------------------------| Softwarelabor                          | Informatik 2 Übung                     | 
Block 2: Sprachen und Metasprachen              | Informatik 2                           | ---------------------------------------| Web-Programming                        | Digital-Labor                          | 
Block 3: ---------------------------------------| Mathematik 2                           | ---------------------------------------| Technische Informatik 2                | Digital-Labor                          | 
Block 4: ---------------------------------------| Informatik 2 Übung                     | ---------------------------------------| ---------------------------------------| Digital-Labor                          | 
Block 5: ---------------------------------------| ---------------------------------------| ---------------------------------------| ---------------------------------------| ---------------------------------------| 

Group 2
Block 0: IT Projektmanagement                   | ---------------------------------------| ---------------------------------------| IT Service Management                  | ---------------------------------------| 
Block 1: Verteilte Informationssysteme          | ---------------------------------------| ---------------------------------------| Mobile Systeme                         | ---------------------------------------| 
Block 2: ---------------------------------------| Intelligente Systeme                   | ---------------------------------------| Datenrepräsentation und -übertragung   | ---------------------------------------| 
Block 3: ---------------------------------------| Projektarbeit1                         | ---------------------------------------| Visualization and Semantics Lab        | ---------------------------------------| 
Block 4: ---------------------------------------| Projektarbeit1                         | ---------------------------------------| Visualization and Semantics            | ---------------------------------------| 
Block 5: Führungskräftetraining                 | Projektarbeit1                         | ---------------------------------------| Modellierung und Simulation            | ---------------------------------------| 

Group 3
Block 0: ---------------------------------------| ---------------------------------------| Labor Benutzeroberflächen              | Dialog Systems                         | IT-Sicherheit                          | 
Block 1: ---------------------------------------| ---------------------------------------| Labor Verteilte Systeme                | Algorithmen Übung                      | Angewandte Kryptografie                | 
Block 2: ---------------------------------------| ---------------------------------------| ---------------------------------------| Data Mining                            | ---------------------------------------| 
Block 3: ---------------------------------------| ---------------------------------------| ---------------------------------------| Algorithmenentwurf                     | ---------------------------------------| 
Block 4: ---------------------------------------| ---------------------------------------| ---------------------------------------| ---------------------------------------| Projektarbeit2                         | 
Block 5: ---------------------------------------| ---------------------------------------| ---------------------------------------| Seminar                                | Projektarbeit2                         | 
</DebugTrace>
      </Output>
    </UnitTestResult>
  </Results>
</TestRun>