<?xml version="1.0" encoding="UTF-8"?>
<TestRun id="79ac6813-3e43-404c-bf89-f7a91ac2b41e" name="FloLap@FLOLAP-PC 2011-10-23 11:28:23" runUser="FloLap-PC\FloLap" xmlns="http://microsoft.com/schemas/VisualStudio/TeamTest/2010">
  <TestSettings name="Lokal" id="6ed96bb3-d821-4eee-a79d-3a3069da9890">
    <Description>Dies sind die standardmäßigen Testeinstellungen für einen lokalen Testlauf.</Description>
    <Deployment enabled="false" runDeploymentRoot="FloLap_FLOLAP-PC 2011-10-23 11_28_23">
      <DeploymentItem filename="E:\HsKA\Semester2\Projektarbeit\Stundenplangenerator\TimetablePlanner\TimetablePlanner\bin\Debug\TimetablePlanner.dll" />
    </Deployment>
    <Execution>
      <TestTypeSpecific />
      <AgentRule name="Execution Agents">
      </AgentRule>
    </Execution>
  </TestSettings>
  <Times creation="2011-10-23T11:28:23.8044033+02:00" queuing="2011-10-23T11:28:25.1690459+02:00" start="2011-10-23T11:28:25.2782461+02:00" finish="2011-10-23T11:28:36.1875674+02:00" />
  <ResultSummary outcome="Completed">
    <Counters total="1" executed="1" passed="1" error="0" failed="0" timeout="0" aborted="0" inconclusive="0" passedButRunAborted="0" notRunnable="0" notExecuted="0" disconnected="0" warning="0" completed="0" inProgress="0" pending="0" />
  </ResultSummary>
  <TestDefinitions>
    <UnitTest name="TimetableManualTester" storage="e:\hska\semester2\projektarbeit\stundenplangenerator\timetableplanner\timetableplannertests\bin\debug\timetableplannertests.dll" id="3ada0cc6-2a4d-2d63-7d9f-97d4d443b0f3">
      <Execution id="2d209670-0ab5-4f6e-b87f-9ac63511e940" />
      <TestMethod codeBase="E:/HsKA/Semester2/Projektarbeit/Stundenplangenerator/TimetablePlanner/TimetablePlannerTests/bin/Debug/TimetablePlannerTests.DLL" adapterTypeName="Microsoft.VisualStudio.TestTools.TestTypes.Unit.UnitTestAdapter, Microsoft.VisualStudio.QualityTools.Tips.UnitTest.Adapter, Version=10.0.0.0, Culture=neutral, PublicKeyToken=b03f5f7f11d50a3a" className="TimetablePlannerTests.TimetableTest, TimetablePlannerTests, Version=1.0.0.0, Culture=neutral, PublicKeyToken=null" name="TimetableManualTester" />
    </UnitTest>
  </TestDefinitions>
  <TestLists>
    <TestList name="Nicht in einer Liste enthaltene Ergebnisse" id="8c84fa94-04c1-424b-9868-57a2d4851a1d" />
    <TestList name="Alle geladenen Ergebnisse" id="19431567-8539-422a-85d7-44ee4e166bda" />
  </TestLists>
  <TestEntries>
    <TestEntry testId="3ada0cc6-2a4d-2d63-7d9f-97d4d443b0f3" executionId="2d209670-0ab5-4f6e-b87f-9ac63511e940" testListId="8c84fa94-04c1-424b-9868-57a2d4851a1d" />
  </TestEntries>
  <Results>
    <UnitTestResult executionId="2d209670-0ab5-4f6e-b87f-9ac63511e940" testId="3ada0cc6-2a4d-2d63-7d9f-97d4d443b0f3" testName="TimetableManualTester" computerName="FLOLAP-PC" duration="00:00:09.5470709" startTime="2011-10-23T11:28:25.3250462+02:00" endTime="2011-10-23T11:28:36.0555599+02:00" testType="13cdc9d9-ddb5-4fa4-a97d-d965ccfc6d4b" outcome="Passed" testListId="8c84fa94-04c1-424b-9868-57a2d4851a1d" relativeResultsDirectory="2d209670-0ab5-4f6e-b87f-9ac63511e940">
      <Output>
        <DebugTrace>Time to create population of size 75: 577ms
1550
1510
1380
1340
1150
1140
1090
1090
1020
1010
1010
990
990
960
960
950
930
890
840
810
790
790
780
750
690
690
680
670
670
660
620
610
600
590
570
560
540
520
520
500
490
470
440
440
360
350
340
300
220
210
210
210
200
170
140
100
50
-40
-80
-90
-170
-230
-360
-390
-410
-430
-490
-610
-710
-730
-780
-830
-950
-1110
-1570
Early abort after 165 generations.
Mean time per generation: 40ms
Mean fitness increase per generation
494
209
158
160
118
71
57
48
55
59
49
31
45
34
27
36
31
29
23
23
31
31
30
27
24
35
29
29
27
10
26
28
22
17
17
20
16
13
18
14
17
16
16
17
13
22
15
18
8
19
12
16
14
15
14
14
15
9
10
8
13
11
11
14
15
12
9
8
10
10
8
8
8
10
11
12
12
6
8
7
7
8
9
6
5
7
7
7
7
4
4
5
5
5
7
4
5
4
6
6
4
7
8
5
7
5
5
3
6
3
5
4
5
4
5
6
3
4
3
6
4
4
1
3
4
2
3
4
2
4
4
4
3
2
1
3
2
3
2
2
2
3
3
3
1
2
1
2
2
1
2
2
4
3
3
3
2
2
2
2
1
2
1
2
2
0
Evolution time: 6762ms
3470
3470
3470
3470
3450
3450
3440
3440
3440
3440
3440
3440
3440
3440
3440
3440
3440
3430
3430
3430
3430
3430
3430
3430
3430
3430
3430
3430
3430
3430
3430
3430
3430
3420
3420
3420
3420
3420
3420
3420
3420
3420
3420
3420
3420
3420
3420
3420
3420
3420
3420
3420
3420
3420
3420
3420
3420
3420
3410
3410
3410
3410
3410
3410
3410
3410
3410
3410
3410
3410
3410
3410
3410
3410
3410

Group 0
Block 0: Fremdsprachen                          | Theoretische Informatik 1              | Informatik 1                           | Informatik 1 Übung                     | Mathematik 1 Labor                     | 
Block 1: Fremdsprachen                          | Mathematik 1 Labor                     | Mathematik 1                           | Technische Informatik 1                | Theoretische Informatik 1              | 
Block 2: Mathematik 1                           | Informatik 1                           | ---------------------------------------| Technische Informatik 1 Übung          | Technische Informatik 1                | 
Block 3: ---------------------------------------| ---------------------------------------| ---------------------------------------| ---------------------------------------| ---------------------------------------| 
Block 4: ---------------------------------------| ---------------------------------------| ---------------------------------------| ---------------------------------------| ---------------------------------------| 
Block 5: ---------------------------------------| ---------------------------------------| ---------------------------------------| ---------------------------------------| ---------------------------------------| 

Group 1
Block 0: Informatik 2                           | Technische Informatik 2                | Softwarelabor                          | Digital-Labor                          | Informatik 2 Übung                     | 
Block 1: Sprachen und Metasprachen              | Softwarelabor                          | Softwarelabor                          | Digital-Labor                          | Mathematik 2                           | 
Block 2: Mathematik 2 Labor                     | Softwarelabor                          | ---------------------------------------| Digital-Labor                          | Informatik 2                           | 
Block 3: Technische Informatik 2                | Informatik 2 Übung                     | ---------------------------------------| ---------------------------------------| Web-Programming                        | 
Block 4: ---------------------------------------| ---------------------------------------| ---------------------------------------| ---------------------------------------| ---------------------------------------| 
Block 5: ---------------------------------------| ---------------------------------------| ---------------------------------------| ---------------------------------------| ---------------------------------------| 

Group 2
Block 0: Visualization and Semantics Lab        | Verteilte Informationssysteme          | ---------------------------------------| ---------------------------------------| IT Projektmanagement                   | 
Block 1: ---------------------------------------| Intelligente Systeme                   | IT Service Management                  | ---------------------------------------| Datenrepräsentation und -übertragung   | 
Block 2: ---------------------------------------| Mobile Systeme                         | ---------------------------------------| ---------------------------------------| Modellierung und Simulation            | 
Block 3: ---------------------------------------| Projektarbeit1                         | ---------------------------------------| ---------------------------------------| Visualization and Semantics            | 
Block 4: ---------------------------------------| Projektarbeit1                         | ---------------------------------------| ---------------------------------------| ---------------------------------------| 
Block 5: ---------------------------------------| Projektarbeit1                         | ---------------------------------------| Führungskräftetraining                 | ---------------------------------------| 

Group 3
Block 0: ---------------------------------------| Labor Benutzeroberflächen              | Data Mining                            | Labor Verteilte Systeme                | Dialog Systems                         | 
Block 1: ---------------------------------------| Algorithmen Übung                      | Algorithmenentwurf                     | ---------------------------------------| IT-Sicherheit                          | 
Block 2: ---------------------------------------| Angewandte Kryptografie                | ---------------------------------------| ---------------------------------------| ---------------------------------------| 
Block 3: ---------------------------------------| ---------------------------------------| ---------------------------------------| ---------------------------------------| ---------------------------------------| 
Block 4: ---------------------------------------| ---------------------------------------| Projektarbeit2                         | ---------------------------------------| ---------------------------------------| 
Block 5: ---------------------------------------| ---------------------------------------| Projektarbeit2                         | ---------------------------------------| Seminar                                | 
</DebugTrace>
      </Output>
    </UnitTestResult>
  </Results>
</TestRun>