<?xml version="1.0" encoding="UTF-8"?>
<TestRun id="ebd1c9f6-7403-47fb-988a-396f6f98b644" name="FloLap@FLOLAP-PC 2011-10-23 12:48:07" runUser="FloLap-PC\FloLap" xmlns="http://microsoft.com/schemas/VisualStudio/TeamTest/2010">
  <TestSettings name="Lokal" id="6ed96bb3-d821-4eee-a79d-3a3069da9890">
    <Description>Dies sind die standardmäßigen Testeinstellungen für einen lokalen Testlauf.</Description>
    <Deployment enabled="false" runDeploymentRoot="FloLap_FLOLAP-PC 2011-10-23 12_48_07">
      <DeploymentItem filename="E:\HsKA\Semester2\Projektarbeit\Stundenplangenerator\TimetablePlanner\TimetablePlanner\bin\Debug\TimetablePlanner.dll" />
    </Deployment>
    <Execution>
      <TestTypeSpecific />
      <AgentRule name="Execution Agents">
      </AgentRule>
    </Execution>
  </TestSettings>
  <Times creation="2011-10-23T12:48:07.7138808+02:00" queuing="2011-10-23T12:48:08.6129322+02:00" start="2011-10-23T12:48:08.6989371+02:00" finish="2011-10-23T12:48:19.6555638+02:00" />
  <ResultSummary outcome="Completed">
    <Counters total="1" executed="1" passed="1" error="0" failed="0" timeout="0" aborted="0" inconclusive="0" passedButRunAborted="0" notRunnable="0" notExecuted="0" disconnected="0" warning="0" completed="0" inProgress="0" pending="0" />
  </ResultSummary>
  <TestDefinitions>
    <UnitTest name="TimetableManualTester" storage="e:\hska\semester2\projektarbeit\stundenplangenerator\timetableplanner\timetableplannertests\bin\debug\timetableplannertests.dll" id="3ada0cc6-2a4d-2d63-7d9f-97d4d443b0f3">
      <Execution id="4c8fc316-8628-42bc-a8f9-ae470754b1b1" />
      <TestMethod codeBase="E:/HsKA/Semester2/Projektarbeit/Stundenplangenerator/TimetablePlanner/TimetablePlannerTests/bin/Debug/TimetablePlannerTests.DLL" adapterTypeName="Microsoft.VisualStudio.TestTools.TestTypes.Unit.UnitTestAdapter, Microsoft.VisualStudio.QualityTools.Tips.UnitTest.Adapter, Version=10.0.0.0, Culture=neutral, PublicKeyToken=b03f5f7f11d50a3a" className="TimetablePlannerTests.TimetableTest, TimetablePlannerTests, Version=1.0.0.0, Culture=neutral, PublicKeyToken=null" name="TimetableManualTester" />
    </UnitTest>
  </TestDefinitions>
  <TestLists>
    <TestList name="Nicht in einer Liste enthaltene Ergebnisse" id="8c84fa94-04c1-424b-9868-57a2d4851a1d" />
    <TestList name="Alle geladenen Ergebnisse" id="19431567-8539-422a-85d7-44ee4e166bda" />
  </TestLists>
  <TestEntries>
    <TestEntry testId="3ada0cc6-2a4d-2d63-7d9f-97d4d443b0f3" executionId="4c8fc316-8628-42bc-a8f9-ae470754b1b1" testListId="8c84fa94-04c1-424b-9868-57a2d4851a1d" />
  </TestEntries>
  <Results>
    <UnitTestResult executionId="4c8fc316-8628-42bc-a8f9-ae470754b1b1" testId="3ada0cc6-2a4d-2d63-7d9f-97d4d443b0f3" testName="TimetableManualTester" computerName="FLOLAP-PC" duration="00:00:09.6510090" startTime="2011-10-23T12:48:08.7389394+02:00" endTime="2011-10-23T12:48:19.5945603+02:00" testType="13cdc9d9-ddb5-4fa4-a97d-d965ccfc6d4b" outcome="Passed" testListId="8c84fa94-04c1-424b-9868-57a2d4851a1d" relativeResultsDirectory="4c8fc316-8628-42bc-a8f9-ae470754b1b1">
      <Output>
        <DebugTrace>Time to create population of size 75: 612ms
1600
1480
1300
1290
1280
1280
1250
1250
1200
1200
1160
1120
1120
1010
960
950
900
890
880
880
870
860
830
820
800
720
710
710
690
650
650
650
640
640
630
600
600
580
540
500
490
490
480
460
460
450
440
420
400
390
290
230
230
220
120
80
50
10
0
0
-140
-240
-280
-290
-310
-350
-380
-450
-460
-460
-470
-540
-630
-810
-1020
Early abort after 165 generations.
Mean time per generation: 40ms
Mean fitness increase per generation
474
231
157
78
63
64
34
36
32
39
34
36
31
32
34
37
33
28
35
38
23
22
29
34
20
19
19
24
30
20
27
22
26
19
28
27
16
23
28
30
19
24
18
17
16
15
6
9
18
16
11
17
15
15
16
14
13
10
12
19
14
21
12
15
5
8
10
12
8
9
9
7
9
6
7
7
8
6
7
11
13
6
10
15
14
13
10
12
4
2
12
8
5
9
5
11
10
6
7
6
7
2
8
8
5
6
5
8
4
5
4
1
3
5
2
3
4
1
4
5
6
3
2
6
5
3
4
4
5
5
1
2
0
4
3
5
7
1
2
1
4
2
4
3
6
5
5
2
5
4
5
4
1
2
4
3
4
1
2
2
3
1
2
3
0
2
Evolution time: 6810ms
3480
3480
3480
3440
3440
3440
3440
3440
3440
3440
3440
3440
3440
3430
3430
3430
3420
3420
3420
3420
3420
3420
3420
3420
3420
3420
3420
3420
3420
3420
3410
3410
3410
3410
3410
3410
3410
3410
3410
3410
3410
3410
3410
3400
3400
3400
3400
3400
3400
3400
3400
3400
3400
3400
3400
3400
3400
3400
3400
3400
3400
3400
3400
3390
3390
3390
3390
3390
3390
3390
3390
3390
3390
3390
3390

Group 0
Block 0: Mathematik 1 Labor                     | Theoretische Informatik 1              | Technische Informatik 1                | Informatik 1                           | Mathematik 1 Labor                     | 
Block 1: Mathematik 1                           | Fremdsprachen                          | Informatik 1                           | Technische Informatik 1                | Informatik 1 Übung                     | 
Block 2: Theoretische Informatik 1              | Fremdsprachen                          | ---------------------------------------| ---------------------------------------| Technische Informatik 1 Übung          | 
Block 3: ---------------------------------------| Mathematik 1                           | ---------------------------------------| ---------------------------------------| ---------------------------------------| 
Block 4: ---------------------------------------| ---------------------------------------| ---------------------------------------| ---------------------------------------| ---------------------------------------| 
Block 5: ---------------------------------------| ---------------------------------------| ---------------------------------------| ---------------------------------------| ---------------------------------------| 

Group 1
Block 0: Mathematik 2 Labor                     | Informatik 2                           | Softwarelabor                          | Informatik 2 Übung                     | Digital-Labor                          | 
Block 1: Web-Programming                        | Mathematik 2                           | Softwarelabor                          | Sprachen und Metasprachen              | Digital-Labor                          | 
Block 2: Informatik 2                           | Technische Informatik 2                | ---------------------------------------| Technische Informatik 2                | Digital-Labor                          | 
Block 3: Informatik 2 Übung                     | ---------------------------------------| ---------------------------------------| Softwarelabor                          | ---------------------------------------| 
Block 4: ---------------------------------------| ---------------------------------------| ---------------------------------------| Softwarelabor                          | ---------------------------------------| 
Block 5: ---------------------------------------| ---------------------------------------| ---------------------------------------| ---------------------------------------| ---------------------------------------| 

Group 2
Block 0: Datenrepräsentation und -übertragung   | IT Service Management                  | ---------------------------------------| Verteilte Informationssysteme          | ---------------------------------------| 
Block 1: Visualization and Semantics Lab        | Mobile Systeme                         | ---------------------------------------| Intelligente Systeme                   | ---------------------------------------| 
Block 2: Modellierung und Simulation            | ---------------------------------------| ---------------------------------------| IT Projektmanagement                   | ---------------------------------------| 
Block 3: Visualization and Semantics            | Projektarbeit1                         | ---------------------------------------| ---------------------------------------| ---------------------------------------| 
Block 4: ---------------------------------------| Projektarbeit1                         | ---------------------------------------| ---------------------------------------| ---------------------------------------| 
Block 5: ---------------------------------------| Projektarbeit1                         | Führungskräftetraining                 | ---------------------------------------| ---------------------------------------| 

Group 3
Block 0: ---------------------------------------| ---------------------------------------| Algorithmen Übung                      | Angewandte Kryptografie                | Labor Benutzeroberflächen              | 
Block 1: ---------------------------------------| ---------------------------------------| Data Mining                            | IT-Sicherheit                          | Algorithmenentwurf                     | 
Block 2: ---------------------------------------| ---------------------------------------| ---------------------------------------| Dialog Systems                         | Labor Verteilte Systeme                | 
Block 3: ---------------------------------------| ---------------------------------------| ---------------------------------------| ---------------------------------------| ---------------------------------------| 
Block 4: ---------------------------------------| Projektarbeit2                         | ---------------------------------------| ---------------------------------------| ---------------------------------------| 
Block 5: ---------------------------------------| Projektarbeit2                         | ---------------------------------------| ---------------------------------------| Seminar                                | 
</DebugTrace>
      </Output>
    </UnitTestResult>
  </Results>
</TestRun>