<?xml version="1.0" encoding="UTF-8"?>
<TestRun id="292b6175-270f-4ebe-9cac-a2a1a576671e" name="FloLap@FLOLAP-PC 2011-11-10 11:43:22" runUser="FloLap-PC\FloLap" xmlns="http://microsoft.com/schemas/VisualStudio/TeamTest/2010">
  <TestSettings name="Lokal" id="6ed96bb3-d821-4eee-a79d-3a3069da9890">
    <Description>Dies sind die standardmäßigen Testeinstellungen für einen lokalen Testlauf.</Description>
    <Deployment enabled="false" runDeploymentRoot="FloLap_FLOLAP-PC 2011-11-10 11_43_22">
      <DeploymentItem filename="E:\HsKA\Semester2\Projektarbeit\Stundenplangenerator\TimetablePlanner\TimetablePlanner\bin\Debug\TimetablePlanner.dll" />
    </Deployment>
    <Execution>
      <TestTypeSpecific />
      <AgentRule name="Execution Agents">
      </AgentRule>
    </Execution>
  </TestSettings>
  <Times creation="2011-11-10T11:43:22.7878458+01:00" queuing="2011-11-10T11:43:23.5448891+01:00" start="2011-11-10T11:43:23.6028924+01:00" finish="2011-11-10T11:43:33.8014757+01:00" />
  <ResultSummary outcome="Completed">
    <Counters total="1" executed="1" passed="1" error="0" failed="0" timeout="0" aborted="0" inconclusive="0" passedButRunAborted="0" notRunnable="0" notExecuted="0" disconnected="0" warning="0" completed="0" inProgress="0" pending="0" />
  </ResultSummary>
  <TestDefinitions>
    <UnitTest name="TimetableGenerationTest" storage="e:\hska\semester2\projektarbeit\stundenplangenerator\timetableplanner\timetableplannertests\bin\debug\timetableplannertests.dll" id="4689e2d1-87f2-8844-ae95-39072767341d">
      <Execution id="18a904f2-965d-4dff-b7d9-4791dd29da63" />
      <TestMethod codeBase="E:/HsKA/Semester2/Projektarbeit/Stundenplangenerator/TimetablePlanner/TimetablePlannerTests/bin/Debug/TimetablePlannerTests.DLL" adapterTypeName="Microsoft.VisualStudio.TestTools.TestTypes.Unit.UnitTestAdapter, Microsoft.VisualStudio.QualityTools.Tips.UnitTest.Adapter, Version=10.0.0.0, Culture=neutral, PublicKeyToken=b03f5f7f11d50a3a" className="TimetablePlannerTests.TimetableTest, TimetablePlannerTests, Version=1.0.0.0, Culture=neutral, PublicKeyToken=null" name="TimetableGenerationTest" />
    </UnitTest>
  </TestDefinitions>
  <TestLists>
    <TestList name="Nicht in einer Liste enthaltene Ergebnisse" id="8c84fa94-04c1-424b-9868-57a2d4851a1d" />
    <TestList name="Alle geladenen Ergebnisse" id="19431567-8539-422a-85d7-44ee4e166bda" />
  </TestLists>
  <TestEntries>
    <TestEntry testId="4689e2d1-87f2-8844-ae95-39072767341d" executionId="18a904f2-965d-4dff-b7d9-4791dd29da63" testListId="8c84fa94-04c1-424b-9868-57a2d4851a1d" />
  </TestEntries>
  <Results>
    <UnitTestResult executionId="18a904f2-965d-4dff-b7d9-4791dd29da63" testId="4689e2d1-87f2-8844-ae95-39072767341d" testName="TimetableGenerationTest" computerName="FLOLAP-PC" duration="00:00:09.7536929" startTime="2011-11-10T11:43:23.6198934+01:00" endTime="2011-11-10T11:43:33.7094705+01:00" testType="13cdc9d9-ddb5-4fa4-a97d-d965ccfc6d4b" outcome="Passed" testListId="8c84fa94-04c1-424b-9868-57a2d4851a1d" relativeResultsDirectory="18a904f2-965d-4dff-b7d9-4791dd29da63">
      <Output>
        <DebugTrace>Individual 6 created.
Individual 0 created.
Individual 7 created.
Individual 4 created.
Individual 9 created.
Individual 3 created.
Individual 8 created.
Individual 10 created.
Individual 13 created.
Individual 16 created.
Individual 1 created.
Individual 11 created.
Individual 2 created.
Individual 18 created.
Individual 21 created.
Individual 12 created.
Individual 15 created.
Individual 17 created.
Individual 23 created.
Individual 19 created.
Individual 22 created.
Individual 20 created.
Individual 24 created.
Individual 14 created.
Individual 5 created.
Population created after 1,1620665 seconds.
Generation 0 finished with best fitness of 3495.
Generation 1 finished with best fitness of 3570.
Generation 2 finished with best fitness of 3585.
Generation 3 finished with best fitness of 3585.
Generation 4 finished with best fitness of 3790.
Generation 5 finished with best fitness of 3790.
Generation 6 finished with best fitness of 3985.
Generation 7 finished with best fitness of 3985.
Generation 8 finished with best fitness of 4105.
Generation 9 finished with best fitness of 4165.
Generation 10 finished with best fitness of 4315.
Generation 11 finished with best fitness of 4315.
Generation 12 finished with best fitness of 4400.
Generation 13 finished with best fitness of 4400.
Generation 14 finished with best fitness of 4400.
Generation 15 finished with best fitness of 4420.
Generation 16 finished with best fitness of 4490.
Generation 17 finished with best fitness of 4610.
Generation 18 finished with best fitness of 4610.
Generation 19 finished with best fitness of 4685.
Generation 20 finished with best fitness of 4685.
Generation 21 finished with best fitness of 4835.
Generation 22 finished with best fitness of 4850.
Generation 23 finished with best fitness of 4925.
Generation 24 finished with best fitness of 4925.
Generation 25 finished with best fitness of 5025.
Generation 26 finished with best fitness of 5025.
Generation 27 finished with best fitness of 5105.
Generation 28 finished with best fitness of 5225.
Generation 29 finished with best fitness of 5225.
Generation 30 finished with best fitness of 5225.
Generation 31 finished with best fitness of 5225.
Generation 32 finished with best fitness of 5235.
Generation 33 finished with best fitness of 5285.
Generation 34 finished with best fitness of 5315.
Generation 35 finished with best fitness of 5415.
Generation 36 finished with best fitness of 5590.
Generation 37 finished with best fitness of 5590.
Generation 38 finished with best fitness of 5590.
Generation 39 finished with best fitness of 5710.
Generation 40 finished with best fitness of 5710.
Generation 41 finished with best fitness of 5710.
Generation 42 finished with best fitness of 5710.
Generation 43 finished with best fitness of 5755.
Generation 44 finished with best fitness of 5780.
Generation 45 finished with best fitness of 5785.
Generation 46 finished with best fitness of 5785.
Generation 47 finished with best fitness of 5805.
Generation 48 finished with best fitness of 5905.
Generation 49 finished with best fitness of 5905.
Generation 50 finished with best fitness of 5920.
Generation 51 finished with best fitness of 5920.
Generation 52 finished with best fitness of 5945.
Generation 53 finished with best fitness of 5980.
Generation 54 finished with best fitness of 6030.
Generation 55 finished with best fitness of 6055.
Generation 56 finished with best fitness of 6075.
Generation 57 finished with best fitness of 6180.
Generation 58 finished with best fitness of 6180.
Generation 59 finished with best fitness of 6180.
Generation 60 finished with best fitness of 6195.
Generation 61 finished with best fitness of 6225.
Generation 62 finished with best fitness of 6270.
Generation 63 finished with best fitness of 6270.
Generation 64 finished with best fitness of 6290.
Generation 65 finished with best fitness of 6345.
Generation 66 finished with best fitness of 6375.
Generation 67 finished with best fitness of 6450.
Generation 68 finished with best fitness of 6450.
Generation 69 finished with best fitness of 6480.
Generation 70 finished with best fitness of 6480.
Generation 71 finished with best fitness of 6580.
Generation 72 finished with best fitness of 6625.
Generation 73 finished with best fitness of 6625.
Generation 74 finished with best fitness of 6625.
Generation 75 finished with best fitness of 6625.
Generation 76 finished with best fitness of 6760.
Generation 77 finished with best fitness of 6760.
Generation 78 finished with best fitness of 6760.
Generation 79 finished with best fitness of 6805.
Generation 80 finished with best fitness of 6805.
Generation 81 finished with best fitness of 6805.
Generation 82 finished with best fitness of 6840.
Generation 83 finished with best fitness of 6875.
Generation 84 finished with best fitness of 6875.
Generation 85 finished with best fitness of 6875.
Generation 86 finished with best fitness of 6875.
Generation 87 finished with best fitness of 6875.
Generation 88 finished with best fitness of 6895.
Generation 89 finished with best fitness of 6920.
Generation 90 finished with best fitness of 6965.
Generation 91 finished with best fitness of 7030.
Generation 92 finished with best fitness of 7040.
Generation 93 finished with best fitness of 7060.
Generation 94 finished with best fitness of 7120.
Generation 95 finished with best fitness of 7120.
Generation 96 finished with best fitness of 7120.
Generation 97 finished with best fitness of 7120.
Generation 98 finished with best fitness of 7140.
Generation 99 finished with best fitness of 7190.
Generation 100 finished with best fitness of 7250.
Generation 101 finished with best fitness of 7250.
Generation 102 finished with best fitness of 7250.
Generation 103 finished with best fitness of 7250.
Generation 104 finished with best fitness of 7320.
Generation 105 finished with best fitness of 7430.
Generation 106 finished with best fitness of 7430.
Generation 107 finished with best fitness of 7430.
Generation 108 finished with best fitness of 7430.
Generation 109 finished with best fitness of 7430.
Generation 110 finished with best fitness of 7430.
Generation 111 finished with best fitness of 7445.
Generation 112 finished with best fitness of 7445.
Generation 113 finished with best fitness of 7445.
Generation 114 finished with best fitness of 7515.
Generation 115 finished with best fitness of 7515.
Generation 116 finished with best fitness of 7550.
Generation 117 finished with best fitness of 7550.
Generation 118 finished with best fitness of 7550.
Generation 119 finished with best fitness of 7625.
Generation 120 finished with best fitness of 7730.
Generation 121 finished with best fitness of 7755.
Generation 122 finished with best fitness of 7755.
Generation 123 finished with best fitness of 7755.
Generation 124 finished with best fitness of 7760.
Generation 125 finished with best fitness of 7760.
Generation 126 finished with best fitness of 7760.
Generation 127 finished with best fitness of 7760.
Generation 128 finished with best fitness of 7760.
Generation 129 finished with best fitness of 7760.
Generation 130 finished with best fitness of 7845.
Generation 131 finished with best fitness of 7845.
Generation 132 finished with best fitness of 7845.
Generation 133 finished with best fitness of 7845.
Generation 134 finished with best fitness of 7845.
Generation 135 finished with best fitness of 7845.
Generation 136 finished with best fitness of 7915.
Generation 137 finished with best fitness of 7915.
Generation 138 finished with best fitness of 7915.
Generation 139 finished with best fitness of 7915.
Generation 140 finished with best fitness of 7925.
Generation 141 finished with best fitness of 7925.
Generation 142 finished with best fitness of 7925.
Generation 143 finished with best fitness of 7945.
Generation 144 finished with best fitness of 7985.
Generation 145 finished with best fitness of 7985.
Generation 146 finished with best fitness of 7985.
Generation 147 finished with best fitness of 7985.
Generation 148 finished with best fitness of 7985.
Generation 149 finished with best fitness of 8015.
Generation 150 finished with best fitness of 8100.
Generation 151 finished with best fitness of 8100.
Generation 152 finished with best fitness of 8100.
Generation 153 finished with best fitness of 8120.
Generation 154 finished with best fitness of 8120.
Generation 155 finished with best fitness of 8120.
Generation 156 finished with best fitness of 8130.
Generation 157 finished with best fitness of 8165.
Generation 158 finished with best fitness of 8165.
Generation 159 finished with best fitness of 8165.
Generation 160 finished with best fitness of 8165.
Generation 161 finished with best fitness of 8210.
Generation 162 finished with best fitness of 8210.
Generation 163 finished with best fitness of 8210.
Generation 164 finished with best fitness of 8210.
Generation 165 finished with best fitness of 8220.
Generation 166 finished with best fitness of 8220.
Generation 167 finished with best fitness of 8220.
Generation 168 finished with best fitness of 8220.
Generation 169 finished with best fitness of 8235.
Generation 170 finished with best fitness of 8235.
Generation 171 finished with best fitness of 8235.
Generation 172 finished with best fitness of 8280.
Generation 173 finished with best fitness of 8325.
Generation 174 finished with best fitness of 8370.
Generation 175 finished with best fitness of 8370.
Generation 176 finished with best fitness of 8370.
Generation 177 finished with best fitness of 8370.
Generation 178 finished with best fitness of 8460.
Generation 179 finished with best fitness of 8460.
Generation 180 finished with best fitness of 8460.
Generation 181 finished with best fitness of 8460.
Generation 182 finished with best fitness of 8460.
Generation 183 finished with best fitness of 8460.
Generation 184 finished with best fitness of 8460.
Generation 185 finished with best fitness of 8495.
Generation 186 finished with best fitness of 8495.
Generation 187 finished with best fitness of 8495.
Generation 188 finished with best fitness of 8580.
Generation 189 finished with best fitness of 8580.
Generation 190 finished with best fitness of 8580.
Generation 191 finished with best fitness of 8580.
Generation 192 finished with best fitness of 8600.
Generation 193 finished with best fitness of 8600.
Generation 194 finished with best fitness of 8600.
Generation 195 finished with best fitness of 8630.
Generation 196 finished with best fitness of 8630.
Generation 197 finished with best fitness of 8630.
Generation 198 finished with best fitness of 8630.
Generation 199 finished with best fitness of 8640.
Generation 200 finished with best fitness of 8640.
Generation 201 finished with best fitness of 8640.
Generation 202 finished with best fitness of 8640.
Generation 203 finished with best fitness of 8640.
Generation 204 finished with best fitness of 8640.
Generation 205 finished with best fitness of 8660.
Generation 206 finished with best fitness of 8660.
Generation 207 finished with best fitness of 8705.
Generation 208 finished with best fitness of 8705.
Generation 209 finished with best fitness of 8705.
Generation 210 finished with best fitness of 8705.
Generation 211 finished with best fitness of 8720.
Generation 212 finished with best fitness of 8810.
Generation 213 finished with best fitness of 8810.
Generation 214 finished with best fitness of 8810.
Generation 215 finished with best fitness of 8810.
Generation 216 finished with best fitness of 8810.
Generation 217 finished with best fitness of 8810.
Generation 218 finished with best fitness of 8810.
Generation 219 finished with best fitness of 8810.
Generation 220 finished with best fitness of 8810.
Generation 221 finished with best fitness of 8850.
Generation 222 finished with best fitness of 8850.
Generation 223 finished with best fitness of 8850.
Generation 224 finished with best fitness of 8850.
Generation 225 finished with best fitness of 8850.
Generation 226 finished with best fitness of 8850.
Generation 227 finished with best fitness of 8850.
Generation 228 finished with best fitness of 8850.
Generation 229 finished with best fitness of 8910.
Generation 230 finished with best fitness of 8910.
Generation 231 finished with best fitness of 8910.
Generation 232 finished with best fitness of 8910.
Generation 233 finished with best fitness of 9030.
Generation 234 finished with best fitness of 9030.
Generation 235 finished with best fitness of 9030.
Generation 236 finished with best fitness of 9030.
Generation 237 finished with best fitness of 9030.
Generation 238 finished with best fitness of 9030.
Generation 239 finished with best fitness of 9030.
Generation 240 finished with best fitness of 9030.
Generation 241 finished with best fitness of 9030.
Generation 242 finished with best fitness of 9030.
Generation 243 finished with best fitness of 9030.
Generation 244 finished with best fitness of 9030.
Generation 245 finished with best fitness of 9030.
Generation 246 finished with best fitness of 9030.
Generation 247 finished with best fitness of 9065.
Generation 248 finished with best fitness of 9075.
Generation 249 finished with best fitness of 9075.
Generation 250 finished with best fitness of 9075.
Generation 251 finished with best fitness of 9210.
Generation 252 finished with best fitness of 9210.
Generation 253 finished with best fitness of 9210.
Generation 254 finished with best fitness of 9210.
Generation 255 finished with best fitness of 9210.
Generation 256 finished with best fitness of 9210.
Generation 257 finished with best fitness of 9210.
Generation 258 finished with best fitness of 9210.
Generation 259 finished with best fitness of 9210.
Generation 260 finished with best fitness of 9210.
Generation 261 finished with best fitness of 9210.
Generation 262 finished with best fitness of 9210.
Generation 263 finished with best fitness of 9210.
Generation 264 finished with best fitness of 9230.
Generation 265 finished with best fitness of 9230.
Generation 266 finished with best fitness of 9230.
Generation 267 finished with best fitness of 9230.
Generation 268 finished with best fitness of 9230.
Generation 269 finished with best fitness of 9230.
Generation 270 finished with best fitness of 9230.
Generation 271 finished with best fitness of 9230.
Generation 272 finished with best fitness of 9230.
Generation 273 finished with best fitness of 9230.
Generation 274 finished with best fitness of 9230.
Generation 275 finished with best fitness of 9230.
Generation 276 finished with best fitness of 9255.
Generation 277 finished with best fitness of 9300.
Generation 278 finished with best fitness of 9300.
Generation 279 finished with best fitness of 9300.
Generation 280 finished with best fitness of 9300.
Generation 281 finished with best fitness of 9300.
Generation 282 finished with best fitness of 9300.
Generation 283 finished with best fitness of 9360.
Generation 284 finished with best fitness of 9360.
Generation 285 finished with best fitness of 9360.
Generation 286 finished with best fitness of 9360.
Generation 287 finished with best fitness of 9360.
Generation 288 finished with best fitness of 9360.
Generation 289 finished with best fitness of 9360.
Generation 290 finished with best fitness of 9360.
Generation 291 finished with best fitness of 9360.
Generation 292 finished with best fitness of 9435.
Generation 293 finished with best fitness of 9435.
Generation 294 finished with best fitness of 9480.
Generation 295 finished with best fitness of 9480.
Generation 296 finished with best fitness of 9480.
Generation 297 finished with best fitness of 9480.
Generation 298 finished with best fitness of 9480.
Generation 299 finished with best fitness of 9480.
Generation 300 finished with best fitness of 9480.
Generation 301 finished with best fitness of 9480.
Generation 302 finished with best fitness of 9480.
Generation 303 finished with best fitness of 9480.
Generation 304 finished with best fitness of 9480.
Generation 305 finished with best fitness of 9480.
Generation 306 finished with best fitness of 9480.
Generation 307 finished with best fitness of 9480.
Generation 308 finished with best fitness of 9480.
Generation 309 finished with best fitness of 9480.
Generation 310 finished with best fitness of 9480.
Generation 311 finished with best fitness of 9480.
Generation 312 finished with best fitness of 9525.
Generation 313 finished with best fitness of 9555.
Generation 314 finished with best fitness of 9555.
Generation 315 finished with best fitness of 9555.
Generation 316 finished with best fitness of 9555.
Generation 317 finished with best fitness of 9555.
Generation 318 finished with best fitness of 9555.
Generation 319 finished with best fitness of 9555.
Generation 320 finished with best fitness of 9555.
Generation 321 finished with best fitness of 9555.
Generation 322 finished with best fitness of 9555.
Generation 323 finished with best fitness of 9565.
Generation 324 finished with best fitness of 9570.
Generation 325 finished with best fitness of 9570.
Generation 326 finished with best fitness of 9570.
Generation 327 finished with best fitness of 9570.
Generation 328 finished with best fitness of 9625.
Generation 329 finished with best fitness of 9625.
Generation 330 finished with best fitness of 9625.
Generation 331 finished with best fitness of 9625.
Generation 332 finished with best fitness of 9625.
Generation 333 finished with best fitness of 9675.
Generation 334 finished with best fitness of 9675.
Generation 335 finished with best fitness of 9675.
Generation 336 finished with best fitness of 9675.
Generation 337 finished with best fitness of 9675.
Generation 338 finished with best fitness of 9675.
Generation 339 finished with best fitness of 9675.
Generation 340 finished with best fitness of 9675.
Generation 341 finished with best fitness of 9675.
Generation 342 finished with best fitness of 9675.
Generation 343 finished with best fitness of 9675.
Generation 344 finished with best fitness of 9675.
Generation 345 finished with best fitness of 9675.
Generation 346 finished with best fitness of 9675.
Generation 347 finished with best fitness of 9675.
Generation 348 finished with best fitness of 9675.
Generation 349 finished with best fitness of 9675.
Generation 350 finished with best fitness of 9675.
Generation 351 finished with best fitness of 9675.
Generation 352 finished with best fitness of 9675.
Generation 353 finished with best fitness of 9675.
Generation 354 finished with best fitness of 9675.
Generation 355 finished with best fitness of 9675.
Generation 356 finished with best fitness of 9690.
Generation 357 finished with best fitness of 9690.
Generation 358 finished with best fitness of 9705.
Generation 359 finished with best fitness of 9705.
Generation 360 finished with best fitness of 9705.
Generation 361 finished with best fitness of 9705.
Generation 362 finished with best fitness of 9705.
Generation 363 finished with best fitness of 9705.
Generation 364 finished with best fitness of 9705.
Generation 365 finished with best fitness of 9705.
Generation 366 finished with best fitness of 9735.
Generation 367 finished with best fitness of 9785.
Generation 368 finished with best fitness of 9785.
Generation 369 finished with best fitness of 9785.
Generation 370 finished with best fitness of 9785.
Generation 371 finished with best fitness of 9785.
Generation 372 finished with best fitness of 9785.
Generation 373 finished with best fitness of 9785.
Generation 374 finished with best fitness of 9785.
Generation 375 finished with best fitness of 9815.
Generation 376 finished with best fitness of 9815.
Generation 377 finished with best fitness of 9815.
Generation 378 finished with best fitness of 9815.
Generation 379 finished with best fitness of 9815.
Generation 380 finished with best fitness of 9860.
Generation 381 finished with best fitness of 9860.
Generation 382 finished with best fitness of 9860.
Generation 383 finished with best fitness of 9860.
Generation 384 finished with best fitness of 9860.
Generation 385 finished with best fitness of 9860.
Generation 386 finished with best fitness of 9860.
Generation 387 finished with best fitness of 9860.
Generation 388 finished with best fitness of 9860.
Generation 389 finished with best fitness of 9880.
Generation 390 finished with best fitness of 9880.
Generation 391 finished with best fitness of 9880.
Generation 392 finished with best fitness of 9880.
Generation 393 finished with best fitness of 9880.
Generation 394 finished with best fitness of 9880.
Generation 395 finished with best fitness of 9950.
Generation 396 finished with best fitness of 9950.
Generation 397 finished with best fitness of 9950.
Generation 398 finished with best fitness of 9950.
Generation 399 finished with best fitness of 9950.
Generation 400 finished with best fitness of 9950.
Generation 401 finished with best fitness of 9950.
Generation 402 finished with best fitness of 9950.
Generation 403 finished with best fitness of 9950.
Generation 404 finished with best fitness of 9950.
Generation 405 finished with best fitness of 9950.
Generation 406 finished with best fitness of 9950.
Generation 407 finished with best fitness of 9950.
Generation 408 finished with best fitness of 9980.
Generation 409 finished with best fitness of 9980.
Generation 410 finished with best fitness of 9980.
Generation 411 finished with best fitness of 9995.
Generation 412 finished with best fitness of 9995.
Generation 413 finished with best fitness of 9995.
Generation 414 finished with best fitness of 9995.
Generation 415 finished with best fitness of 9995.
Generation 416 finished with best fitness of 9995.
Generation 417 finished with best fitness of 10100.
Generation 418 finished with best fitness of 10100.
Generation 419 finished with best fitness of 10100.
Generation 420 finished with best fitness of 10100.
Generation 421 finished with best fitness of 10100.
Generation 422 finished with best fitness of 10100.
Generation 423 finished with best fitness of 10100.
Generation 424 finished with best fitness of 10100.
Generation 425 finished with best fitness of 10100.
Generation 426 finished with best fitness of 10100.
Generation 427 finished with best fitness of 10100.
Generation 428 finished with best fitness of 10100.
Generation 429 finished with best fitness of 10100.
Generation 430 finished with best fitness of 10100.
Generation 431 finished with best fitness of 10100.
Generation 432 finished with best fitness of 10100.
Generation 433 finished with best fitness of 10100.
Generation 434 finished with best fitness of 10200.
Generation 435 finished with best fitness of 10200.
Generation 436 finished with best fitness of 10200.
Generation 437 finished with best fitness of 10200.
Generation 438 finished with best fitness of 10200.
Generation 439 finished with best fitness of 10200.
Generation 440 finished with best fitness of 10200.
Generation 441 finished with best fitness of 10200.
Generation 442 finished with best fitness of 10200.
Generation 443 finished with best fitness of 10200.
Generation 444 finished with best fitness of 10200.
Generation 445 finished with best fitness of 10200.
Generation 446 finished with best fitness of 10200.
Generation 447 finished with best fitness of 10200.
Generation 448 finished with best fitness of 10200.
Generation 449 finished with best fitness of 10200.
Generation 450 finished with best fitness of 10200.
Evolution finished after 9,703555 seconds.
</DebugTrace>
      </Output>
    </UnitTestResult>
  </Results>
</TestRun>